  autofit.c
  ftbase.c
  ftbbox.c
  ftbdf.c
  ftbitmap.c
  ftcid.c
  ftfstype.c
  ftgasp.c
  ftglyph.c
  ftgxval.c
  ftinit.c
  ftmm.c
  ftotval.c
  ftpatent.c
  ftpfr.c
  ftstroke.c
  ftsynth.c
  fttype1.c
  ftwinfnt.c
  bdf.c
  ftcache.c
  cff.c
  type1cid.c
  dlgwrap.c
  ftgzip.c
  ftlzw.c
  pcf.c
  pfr.c
  psaux.c
  pshinter.c
  psmodule.c
  raster.c
  sfnt.c
  smooth.c
  sdf.c
  svg.c
  truetype.c
  type1.c
  type42.c
  winfnt.c
  ftdebug.c
  ftsystem.c
D:\MyProjects\cpp\third_party\freetype-2.13.3\src\sfnt\ttcolr.c(731): warning C4706: assignment within conditional expression
D:\MyProjects\cpp\third_party\freetype-2.13.3\src\sfnt\ttcolr.c(779): warning C4706: assignment within conditional expression
D:\MyProjects\cpp\third_party\freetype-2.13.3\src\sfnt\ttcolr.c(841): warning C4706: assignment within conditional expression
     Creating library ..\..\..\objs\Win32\Debug\freetype.lib and object ..\..\..\objs\Win32\Debug\freetype.exp
  freetype.vcxproj -> D:\MyProjects\cpp\third_party\freetype-2.13.3\objs\Win32\Debug\freetype.dll
